14:29:36 **** Build of configuration Debug for project HAL ****
make -j20 all 
arm-none-eabi-gcc "../USB_HOST/Target/usbh_conf.c" -mcpu=cortex-m4 -std=gnu11 -g3 -DDEBUG -DUSE_HAL_DRIVER -DSTM32F411xE -c -I../USB_HOST/App -I../USB_HOST/Target -I../Core/Inc -I../Drivers/STM32F4xx_HAL_Driver/Inc -I../Drivers/STM32F4xx_HAL_Driver/Inc/Legacy -I../Middlewares/ST/STM32_USB_Host_Library/Core/Inc -I../Middlewares/ST/STM32_USB_Host_Library/Class/CDC/Inc -I../Drivers/CMSIS/Device/ST/STM32F4xx/Include -I../Drivers/CMSIS/Include -O0 -ffunction-sections -fdata-sections -Wall -fstack-usage -fcyclomatic-complexity -MMD -MP -MF"USB_HOST/Target/usbh_conf.d" -MT"USB_HOST/Target/usbh_conf.o" --specs=nano.specs -mfpu=fpv4-sp-d16 -mfloat-abi=hard -mthumb -o "USB_HOST/Target/usbh_conf.o"
arm-none-eabi-gcc "../USB_HOST/Target/usbh_platform.c" -mcpu=cortex-m4 -std=gnu11 -g3 -DDEBUG -DUSE_HAL_DRIVER -DSTM32F411xE -c -I../USB_HOST/App -I../USB_HOST/Target -I../Core/Inc -I../Drivers/STM32F4xx_HAL_Driver/Inc -I../Drivers/STM32F4xx_HAL_Driver/Inc/Legacy -I../Middlewares/ST/STM32_USB_Host_Library/Core/Inc -I../Middlewares/ST/STM32_USB_Host_Library/Class/CDC/Inc -I../Drivers/CMSIS/Device/ST/STM32F4xx/Include -I../Drivers/CMSIS/Include -O0 -ffunction-sections -fdata-sections -Wall -fstack-usage -fcyclomatic-complexity -MMD -MP -MF"USB_HOST/Target/usbh_platform.d" -MT"USB_HOST/Target/usbh_platform.o" --specs=nano.specs -mfpu=fpv4-sp-d16 -mfloat-abi=hard -mthumb -o "USB_HOST/Target/usbh_platform.o"
arm-none-eabi-gcc "../USB_HOST/App/usb_host.c" -mcpu=cortex-m4 -std=gnu11 -g3 -DDEBUG -DUSE_HAL_DRIVER -DSTM32F411xE -c -I../USB_HOST/App -I../USB_HOST/Target -I../Core/Inc -I../Drivers/STM32F4xx_HAL_Driver/Inc -I../Drivers/STM32F4xx_HAL_Driver/Inc/Legacy -I../Middlewares/ST/STM32_USB_Host_Library/Core/Inc -I../Middlewares/ST/STM32_USB_Host_Library/Class/CDC/Inc -I../Drivers/CMSIS/Device/ST/STM32F4xx/Include -I../Drivers/CMSIS/Include -O0 -ffunction-sections -fdata-sections -Wall -fstack-usage -fcyclomatic-complexity -MMD -MP -MF"USB_HOST/App/usb_host.d" -MT"USB_HOST/App/usb_host.o" --specs=nano.specs -mfpu=fpv4-sp-d16 -mfloat-abi=hard -mthumb -o "USB_HOST/App/usb_host.o"
arm-none-eabi-gcc "../Middlewares/ST/STM32_USB_Host_Library/Core/Src/usbh_core.c" -mcpu=cortex-m4 -std=gnu11 -g3 -DDEBUG -DUSE_HAL_DRIVER -DSTM32F411xE -c -I../USB_HOST/App -I../USB_HOST/Target -I../Core/Inc -I../Drivers/STM32F4xx_HAL_Driver/Inc -I../Drivers/STM32F4xx_HAL_Driver/Inc/Legacy -I../Middlewares/ST/STM32_USB_Host_Library/Core/Inc -I../Middlewares/ST/STM32_USB_Host_Library/Class/CDC/Inc -I../Drivers/CMSIS/Device/ST/STM32F4xx/Include -I../Drivers/CMSIS/Include -O0 -ffunction-sections -fdata-sections -Wall -fstack-usage -fcyclomatic-complexity -MMD -MP -MF"Middlewares/ST/STM32_USB_Host_Library/Core/Src/usbh_core.d" -MT"Middlewares/ST/STM32_USB_Host_Library/Core/Src/usbh_core.o" --specs=nano.specs -mfpu=fpv4-sp-d16 -mfloat-abi=hard -mthumb -o "Middlewares/ST/STM32_USB_Host_Library/Core/Src/usbh_core.o"
arm-none-eabi-gcc "../Middlewares/ST/STM32_USB_Host_Library/Core/Src/usbh_ctlreq.c" -mcpu=cortex-m4 -std=gnu11 -g3 -DDEBUG -DUSE_HAL_DRIVER -DSTM32F411xE -c -I../USB_HOST/App -I../USB_HOST/Target -I../Core/Inc -I../Drivers/STM32F4xx_HAL_Driver/Inc -I../Drivers/STM32F4xx_HAL_Driver/Inc/Legacy -I../Middlewares/ST/STM32_USB_Host_Library/Core/Inc -I../Middlewares/ST/STM32_USB_Host_Library/Class/CDC/Inc -I../Drivers/CMSIS/Device/ST/STM32F4xx/Include -I../Drivers/CMSIS/Include -O0 -ffunction-sections -fdata-sections -Wall -fstack-usage -fcyclomatic-complexity -MMD -MP -MF"Middlewares/ST/STM32_USB_Host_Library/Core/Src/usbh_ctlreq.d" -MT"Middlewares/ST/STM32_USB_Host_Library/Core/Src/usbh_ctlreq.o" --specs=nano.specs -mfpu=fpv4-sp-d16 -mfloat-abi=hard -mthumb -o "Middlewares/ST/STM32_USB_Host_Library/Core/Src/usbh_ctlreq.o"
arm-none-eabi-gcc "../Middlewares/ST/STM32_USB_Host_Library/Core/Src/usbh_ioreq.c" -mcpu=cortex-m4 -std=gnu11 -g3 -DDEBUG -DUSE_HAL_DRIVER -DSTM32F411xE -c -I../USB_HOST/App -I../USB_HOST/Target -I../Core/Inc -I../Drivers/STM32F4xx_HAL_Driver/Inc -I../Drivers/STM32F4xx_HAL_Driver/Inc/Legacy -I../Middlewares/ST/STM32_USB_Host_Library/Core/Inc -I../Middlewares/ST/STM32_USB_Host_Library/Class/CDC/Inc -I../Drivers/CMSIS/Device/ST/STM32F4xx/Include -I../Drivers/CMSIS/Include -O0 -ffunction-sections -fdata-sections -Wall -fstack-usage -fcyclomatic-complexity -MMD -MP -MF"Middlewares/ST/STM32_USB_Host_Library/Core/Src/usbh_ioreq.d" -MT"Middlewares/ST/STM32_USB_Host_Library/Core/Src/usbh_ioreq.o" --specs=nano.specs -mfpu=fpv4-sp-d16 -mfloat-abi=hard -mthumb -o "Middlewares/ST/STM32_USB_Host_Library/Core/Src/usbh_ioreq.o"
arm-none-eabi-gcc "../Middlewares/ST/STM32_USB_Host_Library/Core/Src/usbh_pipes.c" -mcpu=cortex-m4 -std=gnu11 -g3 -DDEBUG -DUSE_HAL_DRIVER -DSTM32F411xE -c -I../USB_HOST/App -I../USB_HOST/Target -I../Core/Inc -I../Drivers/STM32F4xx_HAL_Driver/Inc -I../Drivers/STM32F4xx_HAL_Driver/Inc/Legacy -I../Middlewares/ST/STM32_USB_Host_Library/Core/Inc -I../Middlewares/ST/STM32_USB_Host_Library/Class/CDC/Inc -I../Drivers/CMSIS/Device/ST/STM32F4xx/Include -I../Drivers/CMSIS/Include -O0 -ffunction-sections -fdata-sections -Wall -fstack-usage -fcyclomatic-complexity -MMD -MP -MF"Middlewares/ST/STM32_USB_Host_Library/Core/Src/usbh_pipes.d" -MT"Middlewares/ST/STM32_USB_Host_Library/Core/Src/usbh_pipes.o" --specs=nano.specs -mfpu=fpv4-sp-d16 -mfloat-abi=hard -mthumb -o "Middlewares/ST/STM32_USB_Host_Library/Core/Src/usbh_pipes.o"
arm-none-eabi-gcc "../Middlewares/ST/STM32_USB_Host_Library/Class/CDC/Src/usbh_cdc.c" -mcpu=cortex-m4 -std=gnu11 -g3 -DDEBUG -DUSE_HAL_DRIVER -DSTM32F411xE -c -I../USB_HOST/App -I../USB_HOST/Target -I../Core/Inc -I../Drivers/STM32F4xx_HAL_Driver/Inc -I../Drivers/STM32F4xx_HAL_Driver/Inc/Legacy -I../Middlewares/ST/STM32_USB_Host_Library/Core/Inc -I../Middlewares/ST/STM32_USB_Host_Library/Class/CDC/Inc -I../Drivers/CMSIS/Device/ST/STM32F4xx/Include -I../Drivers/CMSIS/Include -O0 -ffunction-sections -fdata-sections -Wall -fstack-usage -fcyclomatic-complexity -MMD -MP -MF"Middlewares/ST/STM32_USB_Host_Library/Class/CDC/Src/usbh_cdc.d" -MT"Middlewares/ST/STM32_USB_Host_Library/Class/CDC/Src/usbh_cdc.o" --specs=nano.specs -mfpu=fpv4-sp-d16 -mfloat-abi=hard -mthumb -o "Middlewares/ST/STM32_USB_Host_Library/Class/CDC/Src/usbh_cdc.o"
arm-none-eabi-gcc "../Drivers/STM32F4xx_HAL_Driver/Src/stm32f4xx_hal.c" -mcpu=cortex-m4 -std=gnu11 -g3 -DDEBUG -DUSE_HAL_DRIVER -DSTM32F411xE -c -I../USB_HOST/App -I../USB_HOST/Target -I../Core/Inc -I../Drivers/STM32F4xx_HAL_Driver/Inc -I../Drivers/STM32F4xx_HAL_Driver/Inc/Legacy -I../Middlewares/ST/STM32_USB_Host_Library/Core/Inc -I../Middlewares/ST/STM32_USB_Host_Library/Class/CDC/Inc -I../Drivers/CMSIS/Device/ST/STM32F4xx/Include -I../Drivers/CMSIS/Include -O0 -ffunction-sections -fdata-sections -Wall -fstack-usage -fcyclomatic-complexity -MMD -MP -MF"Drivers/STM32F4xx_HAL_Driver/Src/stm32f4xx_hal.d" -MT"Drivers/STM32F4xx_HAL_Driver/Src/stm32f4xx_hal.o" --specs=nano.specs -mfpu=fpv4-sp-d16 -mfloat-abi=hard -mthumb -o "Drivers/STM32F4xx_HAL_Driver/Src/stm32f4xx_hal.o"
arm-none-eabi-gcc "../Drivers/STM32F4xx_HAL_Driver/Src/stm32f4xx_hal_cortex.c" -mcpu=cortex-m4 -std=gnu11 -g3 -DDEBUG -DUSE_HAL_DRIVER -DSTM32F411xE -c -I../USB_HOST/App -I../USB_HOST/Target -I../Core/Inc -I../Drivers/STM32F4xx_HAL_Driver/Inc -I../Drivers/STM32F4xx_HAL_Driver/Inc/Legacy -I../Middlewares/ST/STM32_USB_Host_Library/Core/Inc -I../Middlewares/ST/STM32_USB_Host_Library/Class/CDC/Inc -I../Drivers/CMSIS/Device/ST/STM32F4xx/Include -I../Drivers/CMSIS/Include -O0 -ffunction-sections -fdata-sections -Wall -fstack-usage -fcyclomatic-complexity -MMD -MP -MF"Drivers/STM32F4xx_HAL_Driver/Src/stm32f4xx_hal_cortex.d" -MT"Drivers/STM32F4xx_HAL_Driver/Src/stm32f4xx_hal_cortex.o" --specs=nano.specs -mfpu=fpv4-sp-d16 -mfloat-abi=hard -mthumb -o "Drivers/STM32F4xx_HAL_Driver/Src/stm32f4xx_hal_cortex.o"
arm-none-eabi-gcc "../Drivers/STM32F4xx_HAL_Driver/Src/stm32f4xx_hal_dma.c" -mcpu=cortex-m4 -std=gnu11 -g3 -DDEBUG -DUSE_HAL_DRIVER -DSTM32F411xE -c -I../USB_HOST/App -I../USB_HOST/Target -I../Core/Inc -I../Drivers/STM32F4xx_HAL_Driver/Inc -I../Drivers/STM32F4xx_HAL_Driver/Inc/Legacy -I../Middlewares/ST/STM32_USB_Host_Library/Core/Inc -I../Middlewares/ST/STM32_USB_Host_Library/Class/CDC/Inc -I../Drivers/CMSIS/Device/ST/STM32F4xx/Include -I../Drivers/CMSIS/Include -O0 -ffunction-sections -fdata-sections -Wall -fstack-usage -fcyclomatic-complexity -MMD -MP -MF"Drivers/STM32F4xx_HAL_Driver/Src/stm32f4xx_hal_dma.d" -MT"Drivers/STM32F4xx_HAL_Driver/Src/stm32f4xx_hal_dma.o" --specs=nano.specs -mfpu=fpv4-sp-d16 -mfloat-abi=hard -mthumb -o "Drivers/STM32F4xx_HAL_Driver/Src/stm32f4xx_hal_dma.o"
arm-none-eabi-gcc "../Drivers/STM32F4xx_HAL_Driver/Src/stm32f4xx_hal_dma_ex.c" -mcpu=cortex-m4 -std=gnu11 -g3 -DDEBUG -DUSE_HAL_DRIVER -DSTM32F411xE -c -I../USB_HOST/App -I../USB_HOST/Target -I../Core/Inc -I../Drivers/STM32F4xx_HAL_Driver/Inc -I../Drivers/STM32F4xx_HAL_Driver/Inc/Legacy -I../Middlewares/ST/STM32_USB_Host_Library/Core/Inc -I../Middlewares/ST/STM32_USB_Host_Library/Class/CDC/Inc -I../Drivers/CMSIS/Device/ST/STM32F4xx/Include -I../Drivers/CMSIS/Include -O0 -ffunction-sections -fdata-sections -Wall -fstack-usage -fcyclomatic-complexity -MMD -MP -MF"Drivers/STM32F4xx_HAL_Driver/Src/stm32f4xx_hal_dma_ex.d" -MT"Drivers/STM32F4xx_HAL_Driver/Src/stm32f4xx_hal_dma_ex.o" --specs=nano.specs -mfpu=fpv4-sp-d16 -mfloat-abi=hard -mthumb -o "Drivers/STM32F4xx_HAL_Driver/Src/stm32f4xx_hal_dma_ex.o"
arm-none-eabi-gcc "../Drivers/STM32F4xx_HAL_Driver/Src/stm32f4xx_hal_exti.c" -mcpu=cortex-m4 -std=gnu11 -g3 -DDEBUG -DUSE_HAL_DRIVER -DSTM32F411xE -c -I../USB_HOST/App -I../USB_HOST/Target -I../Core/Inc -I../Drivers/STM32F4xx_HAL_Driver/Inc -I../Drivers/STM32F4xx_HAL_Driver/Inc/Legacy -I../Middlewares/ST/STM32_USB_Host_Library/Core/Inc -I../Middlewares/ST/STM32_USB_Host_Library/Class/CDC/Inc -I../Drivers/CMSIS/Device/ST/STM32F4xx/Include -I../Drivers/CMSIS/Include -O0 -ffunction-sections -fdata-sections -Wall -fstack-usage -fcyclomatic-complexity -MMD -MP -MF"Drivers/STM32F4xx_HAL_Driver/Src/stm32f4xx_hal_exti.d" -MT"Drivers/STM32F4xx_HAL_Driver/Src/stm32f4xx_hal_exti.o" --specs=nano.specs -mfpu=fpv4-sp-d16 -mfloat-abi=hard -mthumb -o "Drivers/STM32F4xx_HAL_Driver/Src/stm32f4xx_hal_exti.o"
arm-none-eabi-gcc "../Drivers/STM32F4xx_HAL_Driver/Src/stm32f4xx_hal_flash.c" -mcpu=cortex-m4 -std=gnu11 -g3 -DDEBUG -DUSE_HAL_DRIVER -DSTM32F411xE -c -I../USB_HOST/App -I../USB_HOST/Target -I../Core/Inc -I../Drivers/STM32F4xx_HAL_Driver/Inc -I../Drivers/STM32F4xx_HAL_Driver/Inc/Legacy -I../Middlewares/ST/STM32_USB_Host_Library/Core/Inc -I../Middlewares/ST/STM32_USB_Host_Library/Class/CDC/Inc -I../Drivers/CMSIS/Device/ST/STM32F4xx/Include -I../Drivers/CMSIS/Include -O0 -ffunction-sections -fdata-sections -Wall -fstack-usage -fcyclomatic-complexity -MMD -MP -MF"Drivers/STM32F4xx_HAL_Driver/Src/stm32f4xx_hal_flash.d" -MT"Drivers/STM32F4xx_HAL_Driver/Src/stm32f4xx_hal_flash.o" --specs=nano.specs -mfpu=fpv4-sp-d16 -mfloat-abi=hard -mthumb -o "Drivers/STM32F4xx_HAL_Driver/Src/stm32f4xx_hal_flash.o"
arm-none-eabi-gcc "../Drivers/STM32F4xx_HAL_Driver/Src/stm32f4xx_hal_flash_ex.c" -mcpu=cortex-m4 -std=gnu11 -g3 -DDEBUG -DUSE_HAL_DRIVER -DSTM32F411xE -c -I../USB_HOST/App -I../USB_HOST/Target -I../Core/Inc -I../Drivers/STM32F4xx_HAL_Driver/Inc -I../Drivers/STM32F4xx_HAL_Driver/Inc/Legacy -I../Middlewares/ST/STM32_USB_Host_Library/Core/Inc -I../Middlewares/ST/STM32_USB_Host_Library/Class/CDC/Inc -I../Drivers/CMSIS/Device/ST/STM32F4xx/Include -I../Drivers/CMSIS/Include -O0 -ffunction-sections -fdata-sections -Wall -fstack-usage -fcyclomatic-complexity -MMD -MP -MF"Drivers/STM32F4xx_HAL_Driver/Src/stm32f4xx_hal_flash_ex.d" -MT"Drivers/STM32F4xx_HAL_Driver/Src/stm32f4xx_hal_flash_ex.o" --specs=nano.specs -mfpu=fpv4-sp-d16 -mfloat-abi=hard -mthumb -o "Drivers/STM32F4xx_HAL_Driver/Src/stm32f4xx_hal_flash_ex.o"
arm-none-eabi-gcc "../Drivers/STM32F4xx_HAL_Driver/Src/stm32f4xx_hal_flash_ramfunc.c" -mcpu=cortex-m4 -std=gnu11 -g3 -DDEBUG -DUSE_HAL_DRIVER -DSTM32F411xE -c -I../USB_HOST/App -I../USB_HOST/Target -I../Core/Inc -I../Drivers/STM32F4xx_HAL_Driver/Inc -I../Drivers/STM32F4xx_HAL_Driver/Inc/Legacy -I../Middlewares/ST/STM32_USB_Host_Library/Core/Inc -I../Middlewares/ST/STM32_USB_Host_Library/Class/CDC/Inc -I../Drivers/CMSIS/Device/ST/STM32F4xx/Include -I../Drivers/CMSIS/Include -O0 -ffunction-sections -fdata-sections -Wall -fstack-usage -fcyclomatic-complexity -MMD -MP -MF"Drivers/STM32F4xx_HAL_Driver/Src/stm32f4xx_hal_flash_ramfunc.d" -MT"Drivers/STM32F4xx_HAL_Driver/Src/stm32f4xx_hal_flash_ramfunc.o" --specs=nano.specs -mfpu=fpv4-sp-d16 -mfloat-abi=hard -mthumb -o "Drivers/STM32F4xx_HAL_Driver/Src/stm32f4xx_hal_flash_ramfunc.o"
arm-none-eabi-gcc "../Drivers/STM32F4xx_HAL_Driver/Src/stm32f4xx_hal_gpio.c" -mcpu=cortex-m4 -std=gnu11 -g3 -DDEBUG -DUSE_HAL_DRIVER -DSTM32F411xE -c -I../USB_HOST/App -I../USB_HOST/Target -I../Core/Inc -I../Drivers/STM32F4xx_HAL_Driver/Inc -I../Drivers/STM32F4xx_HAL_Driver/Inc/Legacy -I../Middlewares/ST/STM32_USB_Host_Library/Core/Inc -I../Middlewares/ST/STM32_USB_Host_Library/Class/CDC/Inc -I../Drivers/CMSIS/Device/ST/STM32F4xx/Include -I../Drivers/CMSIS/Include -O0 -ffunction-sections -fdata-sections -Wall -fstack-usage -fcyclomatic-complexity -MMD -MP -MF"Drivers/STM32F4xx_HAL_Driver/Src/stm32f4xx_hal_gpio.d" -MT"Drivers/STM32F4xx_HAL_Driver/Src/stm32f4xx_hal_gpio.o" --specs=nano.specs -mfpu=fpv4-sp-d16 -mfloat-abi=hard -mthumb -o "Drivers/STM32F4xx_HAL_Driver/Src/stm32f4xx_hal_gpio.o"
arm-none-eabi-gcc "../Drivers/STM32F4xx_HAL_Driver/Src/stm32f4xx_hal_hcd.c" -mcpu=cortex-m4 -std=gnu11 -g3 -DDEBUG -DUSE_HAL_DRIVER -DSTM32F411xE -c -I../USB_HOST/App -I../USB_HOST/Target -I../Core/Inc -I../Drivers/STM32F4xx_HAL_Driver/Inc -I../Drivers/STM32F4xx_HAL_Driver/Inc/Legacy -I../Middlewares/ST/STM32_USB_Host_Library/Core/Inc -I../Middlewares/ST/STM32_USB_Host_Library/Class/CDC/Inc -I../Drivers/CMSIS/Device/ST/STM32F4xx/Include -I../Drivers/CMSIS/Include -O0 -ffunction-sections -fdata-sections -Wall -fstack-usage -fcyclomatic-complexity -MMD -MP -MF"Drivers/STM32F4xx_HAL_Driver/Src/stm32f4xx_hal_hcd.d" -MT"Drivers/STM32F4xx_HAL_Driver/Src/stm32f4xx_hal_hcd.o" --specs=nano.specs -mfpu=fpv4-sp-d16 -mfloat-abi=hard -mthumb -o "Drivers/STM32F4xx_HAL_Driver/Src/stm32f4xx_hal_hcd.o"
arm-none-eabi-gcc "../Drivers/STM32F4xx_HAL_Driver/Src/stm32f4xx_hal_i2c.c" -mcpu=cortex-m4 -std=gnu11 -g3 -DDEBUG -DUSE_HAL_DRIVER -DSTM32F411xE -c -I../USB_HOST/App -I../USB_HOST/Target -I../Core/Inc -I../Drivers/STM32F4xx_HAL_Driver/Inc -I../Drivers/STM32F4xx_HAL_Driver/Inc/Legacy -I../Middlewares/ST/STM32_USB_Host_Library/Core/Inc -I../Middlewares/ST/STM32_USB_Host_Library/Class/CDC/Inc -I../Drivers/CMSIS/Device/ST/STM32F4xx/Include -I../Drivers/CMSIS/Include -O0 -ffunction-sections -fdata-sections -Wall -fstack-usage -fcyclomatic-complexity -MMD -MP -MF"Drivers/STM32F4xx_HAL_Driver/Src/stm32f4xx_hal_i2c.d" -MT"Drivers/STM32F4xx_HAL_Driver/Src/stm32f4xx_hal_i2c.o" --specs=nano.specs -mfpu=fpv4-sp-d16 -mfloat-abi=hard -mthumb -o "Drivers/STM32F4xx_HAL_Driver/Src/stm32f4xx_hal_i2c.o"
arm-none-eabi-gcc "../Drivers/STM32F4xx_HAL_Driver/Src/stm32f4xx_hal_i2c_ex.c" -mcpu=cortex-m4 -std=gnu11 -g3 -DDEBUG -DUSE_HAL_DRIVER -DSTM32F411xE -c -I../USB_HOST/App -I../USB_HOST/Target -I../Core/Inc -I../Drivers/STM32F4xx_HAL_Driver/Inc -I../Drivers/STM32F4xx_HAL_Driver/Inc/Legacy -I../Middlewares/ST/STM32_USB_Host_Library/Core/Inc -I../Middlewares/ST/STM32_USB_Host_Library/Class/CDC/Inc -I../Drivers/CMSIS/Device/ST/STM32F4xx/Include -I../Drivers/CMSIS/Include -O0 -ffunction-sections -fdata-sections -Wall -fstack-usage -fcyclomatic-complexity -MMD -MP -MF"Drivers/STM32F4xx_HAL_Driver/Src/stm32f4xx_hal_i2c_ex.d" -MT"Drivers/STM32F4xx_HAL_Driver/Src/stm32f4xx_hal_i2c_ex.o" --specs=nano.specs -mfpu=fpv4-sp-d16 -mfloat-abi=hard -mthumb -o "Drivers/STM32F4xx_HAL_Driver/Src/stm32f4xx_hal_i2c_ex.o"
arm-none-eabi-gcc "../Drivers/STM32F4xx_HAL_Driver/Src/stm32f4xx_hal_i2s.c" -mcpu=cortex-m4 -std=gnu11 -g3 -DDEBUG -DUSE_HAL_DRIVER -DSTM32F411xE -c -I../USB_HOST/App -I../USB_HOST/Target -I../Core/Inc -I../Drivers/STM32F4xx_HAL_Driver/Inc -I../Drivers/STM32F4xx_HAL_Driver/Inc/Legacy -I../Middlewares/ST/STM32_USB_Host_Library/Core/Inc -I../Middlewares/ST/STM32_USB_Host_Library/Class/CDC/Inc -I../Drivers/CMSIS/Device/ST/STM32F4xx/Include -I../Drivers/CMSIS/Include -O0 -ffunction-sections -fdata-sections -Wall -fstack-usage -fcyclomatic-complexity -MMD -MP -MF"Drivers/STM32F4xx_HAL_Driver/Src/stm32f4xx_hal_i2s.d" -MT"Drivers/STM32F4xx_HAL_Driver/Src/stm32f4xx_hal_i2s.o" --specs=nano.specs -mfpu=fpv4-sp-d16 -mfloat-abi=hard -mthumb -o "Drivers/STM32F4xx_HAL_Driver/Src/stm32f4xx_hal_i2s.o"
arm-none-eabi-gcc "../Drivers/STM32F4xx_HAL_Driver/Src/stm32f4xx_hal_i2s_ex.c" -mcpu=cortex-m4 -std=gnu11 -g3 -DDEBUG -DUSE_HAL_DRIVER -DSTM32F411xE -c -I../USB_HOST/App -I../USB_HOST/Target -I../Core/Inc -I../Drivers/STM32F4xx_HAL_Driver/Inc -I../Drivers/STM32F4xx_HAL_Driver/Inc/Legacy -I../Middlewares/ST/STM32_USB_Host_Library/Core/Inc -I../Middlewares/ST/STM32_USB_Host_Library/Class/CDC/Inc -I../Drivers/CMSIS/Device/ST/STM32F4xx/Include -I../Drivers/CMSIS/Include -O0 -ffunction-sections -fdata-sections -Wall -fstack-usage -fcyclomatic-complexity -MMD -MP -MF"Drivers/STM32F4xx_HAL_Driver/Src/stm32f4xx_hal_i2s_ex.d" -MT"Drivers/STM32F4xx_HAL_Driver/Src/stm32f4xx_hal_i2s_ex.o" --specs=nano.specs -mfpu=fpv4-sp-d16 -mfloat-abi=hard -mthumb -o "Drivers/STM32F4xx_HAL_Driver/Src/stm32f4xx_hal_i2s_ex.o"
arm-none-eabi-gcc "../Drivers/STM32F4xx_HAL_Driver/Src/stm32f4xx_hal_pwr.c" -mcpu=cortex-m4 -std=gnu11 -g3 -DDEBUG -DUSE_HAL_DRIVER -DSTM32F411xE -c -I../USB_HOST/App -I../USB_HOST/Target -I../Core/Inc -I../Drivers/STM32F4xx_HAL_Driver/Inc -I../Drivers/STM32F4xx_HAL_Driver/Inc/Legacy -I../Middlewares/ST/STM32_USB_Host_Library/Core/Inc -I../Middlewares/ST/STM32_USB_Host_Library/Class/CDC/Inc -I../Drivers/CMSIS/Device/ST/STM32F4xx/Include -I../Drivers/CMSIS/Include -O0 -ffunction-sections -fdata-sections -Wall -fstack-usage -fcyclomatic-complexity -MMD -MP -MF"Drivers/STM32F4xx_HAL_Driver/Src/stm32f4xx_hal_pwr.d" -MT"Drivers/STM32F4xx_HAL_Driver/Src/stm32f4xx_hal_pwr.o" --specs=nano.specs -mfpu=fpv4-sp-d16 -mfloat-abi=hard -mthumb -o "Drivers/STM32F4xx_HAL_Driver/Src/stm32f4xx_hal_pwr.o"
arm-none-eabi-gcc "../Drivers/STM32F4xx_HAL_Driver/Src/stm32f4xx_hal_pwr_ex.c" -mcpu=cortex-m4 -std=gnu11 -g3 -DDEBUG -DUSE_HAL_DRIVER -DSTM32F411xE -c -I../USB_HOST/App -I../USB_HOST/Target -I../Core/Inc -I../Drivers/STM32F4xx_HAL_Driver/Inc -I../Drivers/STM32F4xx_HAL_Driver/Inc/Legacy -I../Middlewares/ST/STM32_USB_Host_Library/Core/Inc -I../Middlewares/ST/STM32_USB_Host_Library/Class/CDC/Inc -I../Drivers/CMSIS/Device/ST/STM32F4xx/Include -I../Drivers/CMSIS/Include -O0 -ffunction-sections -fdata-sections -Wall -fstack-usage -fcyclomatic-complexity -MMD -MP -MF"Drivers/STM32F4xx_HAL_Driver/Src/stm32f4xx_hal_pwr_ex.d" -MT"Drivers/STM32F4xx_HAL_Driver/Src/stm32f4xx_hal_pwr_ex.o" --specs=nano.specs -mfpu=fpv4-sp-d16 -mfloat-abi=hard -mthumb -o "Drivers/STM32F4xx_HAL_Driver/Src/stm32f4xx_hal_pwr_ex.o"
arm-none-eabi-gcc "../Drivers/STM32F4xx_HAL_Driver/Src/stm32f4xx_hal_rcc.c" -mcpu=cortex-m4 -std=gnu11 -g3 -DDEBUG -DUSE_HAL_DRIVER -DSTM32F411xE -c -I../USB_HOST/App -I../USB_HOST/Target -I../Core/Inc -I../Drivers/STM32F4xx_HAL_Driver/Inc -I../Drivers/STM32F4xx_HAL_Driver/Inc/Legacy -I../Middlewares/ST/STM32_USB_Host_Library/Core/Inc -I../Middlewares/ST/STM32_USB_Host_Library/Class/CDC/Inc -I../Drivers/CMSIS/Device/ST/STM32F4xx/Include -I../Drivers/CMSIS/Include -O0 -ffunction-sections -fdata-sections -Wall -fstack-usage -fcyclomatic-complexity -MMD -MP -MF"Drivers/STM32F4xx_HAL_Driver/Src/stm32f4xx_hal_rcc.d" -MT"Drivers/STM32F4xx_HAL_Driver/Src/stm32f4xx_hal_rcc.o" --specs=nano.specs -mfpu=fpv4-sp-d16 -mfloat-abi=hard -mthumb -o "Drivers/STM32F4xx_HAL_Driver/Src/stm32f4xx_hal_rcc.o"
arm-none-eabi-gcc "../Drivers/STM32F4xx_HAL_Driver/Src/stm32f4xx_hal_rcc_ex.c" -mcpu=cortex-m4 -std=gnu11 -g3 -DDEBUG -DUSE_HAL_DRIVER -DSTM32F411xE -c -I../USB_HOST/App -I../USB_HOST/Target -I../Core/Inc -I../Drivers/STM32F4xx_HAL_Driver/Inc -I../Drivers/STM32F4xx_HAL_Driver/Inc/Legacy -I../Middlewares/ST/STM32_USB_Host_Library/Core/Inc -I../Middlewares/ST/STM32_USB_Host_Library/Class/CDC/Inc -I../Drivers/CMSIS/Device/ST/STM32F4xx/Include -I../Drivers/CMSIS/Include -O0 -ffunction-sections -fdata-sections -Wall -fstack-usage -fcyclomatic-complexity -MMD -MP -MF"Drivers/STM32F4xx_HAL_Driver/Src/stm32f4xx_hal_rcc_ex.d" -MT"Drivers/STM32F4xx_HAL_Driver/Src/stm32f4xx_hal_rcc_ex.o" --specs=nano.specs -mfpu=fpv4-sp-d16 -mfloat-abi=hard -mthumb -o "Drivers/STM32F4xx_HAL_Driver/Src/stm32f4xx_hal_rcc_ex.o"
arm-none-eabi-gcc "../Drivers/STM32F4xx_HAL_Driver/Src/stm32f4xx_hal_spi.c" -mcpu=cortex-m4 -std=gnu11 -g3 -DDEBUG -DUSE_HAL_DRIVER -DSTM32F411xE -c -I../USB_HOST/App -I../USB_HOST/Target -I../Core/Inc -I../Drivers/STM32F4xx_HAL_Driver/Inc -I../Drivers/STM32F4xx_HAL_Driver/Inc/Legacy -I../Middlewares/ST/STM32_USB_Host_Library/Core/Inc -I../Middlewares/ST/STM32_USB_Host_Library/Class/CDC/Inc -I../Drivers/CMSIS/Device/ST/STM32F4xx/Include -I../Drivers/CMSIS/Include -O0 -ffunction-sections -fdata-sections -Wall -fstack-usage -fcyclomatic-complexity -MMD -MP -MF"Drivers/STM32F4xx_HAL_Driver/Src/stm32f4xx_hal_spi.d" -MT"Drivers/STM32F4xx_HAL_Driver/Src/stm32f4xx_hal_spi.o" --specs=nano.specs -mfpu=fpv4-sp-d16 -mfloat-abi=hard -mthumb -o "Drivers/STM32F4xx_HAL_Driver/Src/stm32f4xx_hal_spi.o"
arm-none-eabi-gcc "../Drivers/STM32F4xx_HAL_Driver/Src/stm32f4xx_hal_tim.c" -mcpu=cortex-m4 -std=gnu11 -g3 -DDEBUG -DUSE_HAL_DRIVER -DSTM32F411xE -c -I../USB_HOST/App -I../USB_HOST/Target -I../Core/Inc -I../Drivers/STM32F4xx_HAL_Driver/Inc -I../Drivers/STM32F4xx_HAL_Driver/Inc/Legacy -I../Middlewares/ST/STM32_USB_Host_Library/Core/Inc -I../Middlewares/ST/STM32_USB_Host_Library/Class/CDC/Inc -I../Drivers/CMSIS/Device/ST/STM32F4xx/Include -I../Drivers/CMSIS/Include -O0 -ffunction-sections -fdata-sections -Wall -fstack-usage -fcyclomatic-complexity -MMD -MP -MF"Drivers/STM32F4xx_HAL_Driver/Src/stm32f4xx_hal_tim.d" -MT"Drivers/STM32F4xx_HAL_Driver/Src/stm32f4xx_hal_tim.o" --specs=nano.specs -mfpu=fpv4-sp-d16 -mfloat-abi=hard -mthumb -o "Drivers/STM32F4xx_HAL_Driver/Src/stm32f4xx_hal_tim.o"
arm-none-eabi-gcc "../Drivers/STM32F4xx_HAL_Driver/Src/stm32f4xx_hal_tim_ex.c" -mcpu=cortex-m4 -std=gnu11 -g3 -DDEBUG -DUSE_HAL_DRIVER -DSTM32F411xE -c -I../USB_HOST/App -I../USB_HOST/Target -I../Core/Inc -I../Drivers/STM32F4xx_HAL_Driver/Inc -I../Drivers/STM32F4xx_HAL_Driver/Inc/Legacy -I../Middlewares/ST/STM32_USB_Host_Library/Core/Inc -I../Middlewares/ST/STM32_USB_Host_Library/Class/CDC/Inc -I../Drivers/CMSIS/Device/ST/STM32F4xx/Include -I../Drivers/CMSIS/Include -O0 -ffunction-sections -fdata-sections -Wall -fstack-usage -fcyclomatic-complexity -MMD -MP -MF"Drivers/STM32F4xx_HAL_Driver/Src/stm32f4xx_hal_tim_ex.d" -MT"Drivers/STM32F4xx_HAL_Driver/Src/stm32f4xx_hal_tim_ex.o" --specs=nano.specs -mfpu=fpv4-sp-d16 -mfloat-abi=hard -mthumb -o "Drivers/STM32F4xx_HAL_Driver/Src/stm32f4xx_hal_tim_ex.o"
arm-none-eabi-gcc "../Drivers/STM32F4xx_HAL_Driver/Src/stm32f4xx_ll_usb.c" -mcpu=cortex-m4 -std=gnu11 -g3 -DDEBUG -DUSE_HAL_DRIVER -DSTM32F411xE -c -I../USB_HOST/App -I../USB_HOST/Target -I../Core/Inc -I../Drivers/STM32F4xx_HAL_Driver/Inc -I../Drivers/STM32F4xx_HAL_Driver/Inc/Legacy -I../Middlewares/ST/STM32_USB_Host_Library/Core/Inc -I../Middlewares/ST/STM32_USB_Host_Library/Class/CDC/Inc -I../Drivers/CMSIS/Device/ST/STM32F4xx/Include -I../Drivers/CMSIS/Include -O0 -ffunction-sections -fdata-sections -Wall -fstack-usage -fcyclomatic-complexity -MMD -MP -MF"Drivers/STM32F4xx_HAL_Driver/Src/stm32f4xx_ll_usb.d" -MT"Drivers/STM32F4xx_HAL_Driver/Src/stm32f4xx_ll_usb.o" --specs=nano.specs -mfpu=fpv4-sp-d16 -mfloat-abi=hard -mthumb -o "Drivers/STM32F4xx_HAL_Driver/Src/stm32f4xx_ll_usb.o"
arm-none-eabi-gcc -mcpu=cortex-m4 -g3 -DDEBUG -c -x assembler-with-cpp -MMD -MP -MF"Core/Startup/startup_stm32f411vetx.d" -MT"Core/Startup/startup_stm32f411vetx.o" --specs=nano.specs -mfpu=fpv4-sp-d16 -mfloat-abi=hard -mthumb -o "Core/Startup/startup_stm32f411vetx.o" "../Core/Startup/startup_stm32f411vetx.s"
arm-none-eabi-gcc "../Core/Src/main.c" -mcpu=cortex-m4 -std=gnu11 -g3 -DDEBUG -DUSE_HAL_DRIVER -DSTM32F411xE -c -I../USB_HOST/App -I../USB_HOST/Target -I../Core/Inc -I../Drivers/STM32F4xx_HAL_Driver/Inc -I../Drivers/STM32F4xx_HAL_Driver/Inc/Legacy -I../Middlewares/ST/STM32_USB_Host_Library/Core/Inc -I../Middlewares/ST/STM32_USB_Host_Library/Class/CDC/Inc -I../Drivers/CMSIS/Device/ST/STM32F4xx/Include -I../Drivers/CMSIS/Include -O0 -ffunction-sections -fdata-sections -Wall -fstack-usage -fcyclomatic-complexity -MMD -MP -MF"Core/Src/main.d" -MT"Core/Src/main.o" --specs=nano.specs -mfpu=fpv4-sp-d16 -mfloat-abi=hard -mthumb -o "Core/Src/main.o"
arm-none-eabi-gcc "../Core/Src/stm32f4xx_hal_msp.c" -mcpu=cortex-m4 -std=gnu11 -g3 -DDEBUG -DUSE_HAL_DRIVER -DSTM32F411xE -c -I../USB_HOST/App -I../USB_HOST/Target -I../Core/Inc -I../Drivers/STM32F4xx_HAL_Driver/Inc -I../Drivers/STM32F4xx_HAL_Driver/Inc/Legacy -I../Middlewares/ST/STM32_USB_Host_Library/Core/Inc -I../Middlewares/ST/STM32_USB_Host_Library/Class/CDC/Inc -I../Drivers/CMSIS/Device/ST/STM32F4xx/Include -I../Drivers/CMSIS/Include -O0 -ffunction-sections -fdata-sections -Wall -fstack-usage -fcyclomatic-complexity -MMD -MP -MF"Core/Src/stm32f4xx_hal_msp.d" -MT"Core/Src/stm32f4xx_hal_msp.o" --specs=nano.specs -mfpu=fpv4-sp-d16 -mfloat-abi=hard -mthumb -o "Core/Src/stm32f4xx_hal_msp.o"
arm-none-eabi-gcc "../Core/Src/stm32f4xx_it.c" -mcpu=cortex-m4 -std=gnu11 -g3 -DDEBUG -DUSE_HAL_DRIVER -DSTM32F411xE -c -I../USB_HOST/App -I../USB_HOST/Target -I../Core/Inc -I../Drivers/STM32F4xx_HAL_Driver/Inc -I../Drivers/STM32F4xx_HAL_Driver/Inc/Legacy -I../Middlewares/ST/STM32_USB_Host_Library/Core/Inc -I../Middlewares/ST/STM32_USB_Host_Library/Class/CDC/Inc -I../Drivers/CMSIS/Device/ST/STM32F4xx/Include -I../Drivers/CMSIS/Include -O0 -ffunction-sections -fdata-sections -Wall -fstack-usage -fcyclomatic-complexity -MMD -MP -MF"Core/Src/stm32f4xx_it.d" -MT"Core/Src/stm32f4xx_it.o" --specs=nano.specs -mfpu=fpv4-sp-d16 -mfloat-abi=hard -mthumb -o "Core/Src/stm32f4xx_it.o"
arm-none-eabi-gcc "../Core/Src/syscalls.c" -mcpu=cortex-m4 -std=gnu11 -g3 -DDEBUG -DUSE_HAL_DRIVER -DSTM32F411xE -c -I../USB_HOST/App -I../USB_HOST/Target -I../Core/Inc -I../Drivers/STM32F4xx_HAL_Driver/Inc -I../Drivers/STM32F4xx_HAL_Driver/Inc/Legacy -I../Middlewares/ST/STM32_USB_Host_Library/Core/Inc -I../Middlewares/ST/STM32_USB_Host_Library/Class/CDC/Inc -I../Drivers/CMSIS/Device/ST/STM32F4xx/Include -I../Drivers/CMSIS/Include -O0 -ffunction-sections -fdata-sections -Wall -fstack-usage -fcyclomatic-complexity -MMD -MP -MF"Core/Src/syscalls.d" -MT"Core/Src/syscalls.o" --specs=nano.specs -mfpu=fpv4-sp-d16 -mfloat-abi=hard -mthumb -o "Core/Src/syscalls.o"
arm-none-eabi-gcc "../Core/Src/sysmem.c" -mcpu=cortex-m4 -std=gnu11 -g3 -DDEBUG -DUSE_HAL_DRIVER -DSTM32F411xE -c -I../USB_HOST/App -I../USB_HOST/Target -I../Core/Inc -I../Drivers/STM32F4xx_HAL_Driver/Inc -I../Drivers/STM32F4xx_HAL_Driver/Inc/Legacy -I../Middlewares/ST/STM32_USB_Host_Library/Core/Inc -I../Middlewares/ST/STM32_USB_Host_Library/Class/CDC/Inc -I../Drivers/CMSIS/Device/ST/STM32F4xx/Include -I../Drivers/CMSIS/Include -O0 -ffunction-sections -fdata-sections -Wall -fstack-usage -fcyclomatic-complexity -MMD -MP -MF"Core/Src/sysmem.d" -MT"Core/Src/sysmem.o" --specs=nano.specs -mfpu=fpv4-sp-d16 -mfloat-abi=hard -mthumb -o "Core/Src/sysmem.o"
arm-none-eabi-gcc "../Core/Src/system_stm32f4xx.c" -mcpu=cortex-m4 -std=gnu11 -g3 -DDEBUG -DUSE_HAL_DRIVER -DSTM32F411xE -c -I../USB_HOST/App -I../USB_HOST/Target -I../Core/Inc -I../Drivers/STM32F4xx_HAL_Driver/Inc -I../Drivers/STM32F4xx_HAL_Driver/Inc/Legacy -I../Middlewares/ST/STM32_USB_Host_Library/Core/Inc -I../Middlewares/ST/STM32_USB_Host_Library/Class/CDC/Inc -I../Drivers/CMSIS/Device/ST/STM32F4xx/Include -I../Drivers/CMSIS/Include -O0 -ffunction-sections -fdata-sections -Wall -fstack-usage -fcyclomatic-complexity -MMD -MP -MF"Core/Src/system_stm32f4xx.d" -MT"Core/Src/system_stm32f4xx.o" --specs=nano.specs -mfpu=fpv4-sp-d16 -mfloat-abi=hard -mthumb -o "Core/Src/system_stm32f4xx.o"
arm-none-eabi-gcc -o "HAL.elf" @"objects.list"   -mcpu=cortex-m4 -T"D:\STM32F411VE\Projects\Learn\HAL\STM32F411VETX_FLASH.ld" --specs=nosys.specs -Wl,-Map="HAL.map" -Wl,--gc-sections -static --specs=nano.specs -mfpu=fpv4-sp-d16 -mfloat-abi=hard -mthumb -Wl,--start-group -lc -lm -Wl,--end-group
Finished building target: HAL.elf
 
arm-none-eabi-size  HAL.elf 
arm-none-eabi-objdump -h -S HAL.elf  > "HAL.list"
   text	   data	    bss	    dec	    hex	filename
  35556	    132	   4196	  39884	   9bcc	HAL.elf
Finished building: default.size.stdout
 
Finished building: HAL.list
 
14:29:42 **** Incremental Build of configuration Debug for project HAL ****
make -j20 all 
arm-none-eabi-size  HAL.elf 
   text	   data	    bss	    dec	    hex	filename
  35556	    132	   4196	  39884	   9bcc	HAL.elf
Finished building: default.size.stdout
 
14:44:28 **** Build of configuration Debug for project BARE ****
make -j20 all 
arm-none-eabi-gcc -mcpu=cortex-m4 -g3 -DDEBUG -c -x assembler-with-cpp -MMD -MP -MF"Startup/startup_stm32f411vetx.d" -MT"Startup/startup_stm32f411vetx.o" --specs=nano.specs -mfpu=fpv4-sp-d16 -mfloat-abi=hard -mthumb -o "Startup/startup_stm32f411vetx.o" "../Startup/startup_stm32f411vetx.s"
arm-none-eabi-gcc "../Src/main.c" -mcpu=cortex-m4 -std=gnu11 -g3 -DDEBUG -DSTM32F411VETx -DSTM32 -DSTM32F4 -DSTM32F411E_DISCO -c -I../Inc -O0 -ffunction-sections -fdata-sections -Wall -fstack-usage -fcyclomatic-complexity -MMD -MP -MF"Src/main.d" -MT"Src/main.o" --specs=nano.specs -mfpu=fpv4-sp-d16 -mfloat-abi=hard -mthumb -o "Src/main.o"
arm-none-eabi-gcc "../Src/syscalls.c" -mcpu=cortex-m4 -std=gnu11 -g3 -DDEBUG -DSTM32F411VETx -DSTM32 -DSTM32F4 -DSTM32F411E_DISCO -c -I../Inc -O0 -ffunction-sections -fdata-sections -Wall -fstack-usage -fcyclomatic-complexity -MMD -MP -MF"Src/syscalls.d" -MT"Src/syscalls.o" --specs=nano.specs -mfpu=fpv4-sp-d16 -mfloat-abi=hard -mthumb -o "Src/syscalls.o"
arm-none-eabi-gcc "../Src/sysmem.c" -mcpu=cortex-m4 -std=gnu11 -g3 -DDEBUG -DSTM32F411VETx -DSTM32 -DSTM32F4 -DSTM32F411E_DISCO -c -I../Inc -O0 -ffunction-sections -fdata-sections -Wall -fstack-usage -fcyclomatic-complexity -MMD -MP -MF"Src/sysmem.d" -MT"Src/sysmem.o" --specs=nano.specs -mfpu=fpv4-sp-d16 -mfloat-abi=hard -mthumb -o "Src/sysmem.o"
arm-none-eabi-gcc -o "BARE.elf" @"objects.list"   -mcpu=cortex-m4 -T"D:\STM32F411VE\Projects\Learn\BARE\STM32F411VETX_FLASH.ld" --specs=nosys.specs -Wl,-Map="BARE.map" -Wl,--gc-sections -static --specs=nano.specs -mfpu=fpv4-sp-d16 -mfloat-abi=hard -mthumb -Wl,--start-group -lc -lm -Wl,--end-group
Finished building target: BARE.elf
 
arm-none-eabi-size  BARE.elf 
arm-none-eabi-objdump -h -S BARE.elf  > "BARE.list"
   text	   data	    bss	    dec	    hex	filename
    660	      8	   1568	   2236	    8bc	BARE.elf
Finished building: default.size.stdout
 
Finished building: BARE.list
 
14:44:33 **** Incremental Build of configuration Debug for project BARE ****
make -j20 all 
arm-none-eabi-size  BARE.elf 
   text	   data	    bss	    dec	    hex	filename
    660	      8	   1568	   2236	    8bc	BARE.elf
Finished building: default.size.stdout
 
15:02:08 **** Incremental Build of configuration Debug for project BARE ****
make -j20 all 
arm-none-eabi-gcc "../Src/main.c" -mcpu=cortex-m4 -std=gnu11 -g3 -DDEBUG -DSTM32F411VETx -DSTM32 -DSTM32F4 -DSTM32F411E_DISCO -c -I"D:/STM32F411VE/Projects/Learn/BARE/Inc" -I"D:/STM32F411VE/Projects/Learn/BARE/CMSIS/Device/ST/STM32F4xx/Include" -I"D:/STM32F411VE/Projects/Learn/BARE/CMSIS/Include" -O0 -ffunction-sections -fdata-sections -Wall -fstack-usage -fcyclomatic-complexity -MMD -MP -MF"Src/main.d" -MT"Src/main.o" --specs=nano.specs -mfpu=fpv4-sp-d16 -mfloat-abi=hard -mthumb -o "Src/main.o"
arm-none-eabi-gcc "../Src/syscalls.c" -mcpu=cortex-m4 -std=gnu11 -g3 -DDEBUG -DSTM32F411VETx -DSTM32 -DSTM32F4 -DSTM32F411E_DISCO -c -I"D:/STM32F411VE/Projects/Learn/BARE/Inc" -I"D:/STM32F411VE/Projects/Learn/BARE/CMSIS/Device/ST/STM32F4xx/Include" -I"D:/STM32F411VE/Projects/Learn/BARE/CMSIS/Include" -O0 -ffunction-sections -fdata-sections -Wall -fstack-usage -fcyclomatic-complexity -MMD -MP -MF"Src/syscalls.d" -MT"Src/syscalls.o" --specs=nano.specs -mfpu=fpv4-sp-d16 -mfloat-abi=hard -mthumb -o "Src/syscalls.o"
arm-none-eabi-gcc "../Src/sysmem.c" -mcpu=cortex-m4 -std=gnu11 -g3 -DDEBUG -DSTM32F411VETx -DSTM32 -DSTM32F4 -DSTM32F411E_DISCO -c -I"D:/STM32F411VE/Projects/Learn/BARE/Inc" -I"D:/STM32F411VE/Projects/Learn/BARE/CMSIS/Device/ST/STM32F4xx/Include" -I"D:/STM32F411VE/Projects/Learn/BARE/CMSIS/Include" -O0 -ffunction-sections -fdata-sections -Wall -fstack-usage -fcyclomatic-complexity -MMD -MP -MF"Src/sysmem.d" -MT"Src/sysmem.o" --specs=nano.specs -mfpu=fpv4-sp-d16 -mfloat-abi=hard -mthumb -o "Src/sysmem.o"
arm-none-eabi-gcc "../Src/system_stm32f4xx.c" -mcpu=cortex-m4 -std=gnu11 -g3 -DDEBUG -DSTM32F411VETx -DSTM32 -DSTM32F4 -DSTM32F411E_DISCO -c -I"D:/STM32F411VE/Projects/Learn/BARE/Inc" -I"D:/STM32F411VE/Projects/Learn/BARE/CMSIS/Device/ST/STM32F4xx/Include" -I"D:/STM32F411VE/Projects/Learn/BARE/CMSIS/Include" -O0 -ffunction-sections -fdata-sections -Wall -fstack-usage -fcyclomatic-complexity -MMD -MP -MF"Src/system_stm32f4xx.d" -MT"Src/system_stm32f4xx.o" --specs=nano.specs -mfpu=fpv4-sp-d16 -mfloat-abi=hard -mthumb -o "Src/system_stm32f4xx.o"
In file included from ../Src/system_stm32f4xx.c:48:
D:/STM32F411VE/Projects/Learn/BARE/CMSIS/Device/ST/STM32F4xx/Include/stm32f4xx.h:174:2: error: #error "Please select first the target STM32F4xx device used in your application (in stm32f4xx.h file)"
  174 | #error "Please select first the target STM32F4xx device used in your application (in stm32f4xx.h file)"
      |  ^~~~~
../Src/system_stm32f4xx.c:137:1: error: unknown type name 'uint32_t'
  137 | uint32_t SystemCoreClock = 16000000;
      | ^~~~~~~~
../Src/system_stm32f4xx.c:49:1: note: 'uint32_t' is defined in header '<stdint.h>'; did you forget to '#include <stdint.h>'?
   48 | #include "stm32f4xx.h"
  +++ |+#include <stdint.h>
   49 | 
../Src/system_stm32f4xx.c:138:7: error: unknown type name 'uint8_t'
  138 | const uint8_t AHBPrescTable[16] = {0, 0, 0, 0, 0, 0, 0, 0, 1, 2, 3, 4, 6, 7, 8, 9};
      |       ^~~~~~~
../Src/system_stm32f4xx.c:139:7: error: unknown type name 'uint8_t'
  139 | const uint8_t APBPrescTable[8]  = {0, 0, 0, 0, 1, 2, 3, 4};
      |       ^~~~~~~
../Src/system_stm32f4xx.c: In function 'SystemCoreClockUpdate':
../Src/system_stm32f4xx.c:222:3: error: unknown type name 'uint32_t'
  222 |   uint32_t tmp = 0, pllvco = 0, pllp = 2, pllsource = 0, pllm = 2;
      |   ^~~~~~~~
../Src/system_stm32f4xx.c:222:3: note: 'uint32_t' is defined in header '<stdint.h>'; did you forget to '#include <stdint.h>'?
../Src/system_stm32f4xx.c:225:9: error: 'RCC' undeclared (first use in this function)
  225 |   tmp = RCC->CFGR & RCC_CFGR_SWS;
      |         ^~~
../Src/system_stm32f4xx.c:225:9: note: each undeclared identifier is reported only once for each function it appears in
../Src/system_stm32f4xx.c:225:21: error: 'RCC_CFGR_SWS' undeclared (first use in this function)
  225 |   tmp = RCC->CFGR & RCC_CFGR_SWS;
      |                     ^~~~~~~~~~~~
../Src/system_stm32f4xx.c:55:26: error: 'uint32_t' undeclared (first use in this function)
   55 |   #define HSI_VALUE    ((uint32_t)16000000) /*!< Value of the Internal oscillator in Hz*/
      |                          ^~~~~~~~
../Src/system_stm32f4xx.c:230:25: note: in expansion of macro 'HSI_VALUE'
  230 |       SystemCoreClock = HSI_VALUE;
      |                         ^~~~~~~~~
../Src/system_stm32f4xx.c:55:26: note: 'uint32_t' is defined in header '<stdint.h>'; did you forget to '#include <stdint.h>'?
   55 |   #define HSI_VALUE    ((uint32_t)16000000) /*!< Value of the Internal oscillator in Hz*/
      |                          ^~~~~~~~
../Src/system_stm32f4xx.c:230:25: note: in expansion of macro 'HSI_VALUE'
  230 |       SystemCoreClock = HSI_VALUE;
      |                         ^~~~~~~~~
../Src/system_stm32f4xx.c:55:35: error: expected ')' before numeric constant
   55 |   #define HSI_VALUE    ((uint32_t)16000000) /*!< Value of the Internal oscillator in Hz*/
      |                        ~          ^~~~~~~~
../Src/system_stm32f4xx.c:230:25: note: in expansion of macro 'HSI_VALUE'
  230 |       SystemCoreClock = HSI_VALUE;
      |                         ^~~~~~~~~
../Src/system_stm32f4xx.c:51:35: error: expected ')' before numeric constant
   51 |   #define HSE_VALUE    ((uint32_t)25000000) /*!< Default value of the External oscillator in Hz */
      |                        ~          ^~~~~~~~
../Src/system_stm32f4xx.c:233:25: note: in expansion of macro 'HSE_VALUE'
  233 |       SystemCoreClock = HSE_VALUE;
      |                         ^~~~~~~~~
../Src/system_stm32f4xx.c:240:35: error: 'RCC_PLLCFGR_PLLSRC' undeclared (first use in this function)
  240 |       pllsource = (RCC->PLLCFGR & RCC_PLLCFGR_PLLSRC) >> 22;
      |                                   ^~~~~~~~~~~~~~~~~~
../Src/system_stm32f4xx.c:241:29: error: 'RCC_PLLCFGR_PLLM' undeclared (first use in this function)
  241 |       pllm = RCC->PLLCFGR & RCC_PLLCFGR_PLLM;
      |                             ^~~~~~~~~~~~~~~~
../Src/system_stm32f4xx.c:51:35: error: expected ')' before numeric constant
   51 |   #define HSE_VALUE    ((uint32_t)25000000) /*!< Default value of the External oscillator in Hz */
      |                        ~          ^~~~~~~~
../Src/system_stm32f4xx.c:246:19: note: in expansion of macro 'HSE_VALUE'
  246 |         pllvco = (HSE_VALUE / pllm) * ((RCC->PLLCFGR & RCC_PLLCFGR_PLLN) >> 6);
      |                   ^~~~~~~~~
../Src/system_stm32f4xx.c:246:56: error: 'RCC_PLLCFGR_PLLN' undeclared (first use in this function)
  246 |         pllvco = (HSE_VALUE / pllm) * ((RCC->PLLCFGR & RCC_PLLCFGR_PLLN) >> 6);
      |                                                        ^~~~~~~~~~~~~~~~
../Src/system_stm32f4xx.c:55:35: error: expected ')' before numeric constant
   55 |   #define HSI_VALUE    ((uint32_t)16000000) /*!< Value of the Internal oscillator in Hz*/
      |                        ~          ^~~~~~~~
../Src/system_stm32f4xx.c:251:19: note: in expansion of macro 'HSI_VALUE'
  251 |         pllvco = (HSI_VALUE / pllm) * ((RCC->PLLCFGR & RCC_PLLCFGR_PLLN) >> 6);
      |                   ^~~~~~~~~
../Src/system_stm32f4xx.c:254:32: error: 'RCC_PLLCFGR_PLLP' undeclared (first use in this function)
  254 |       pllp = (((RCC->PLLCFGR & RCC_PLLCFGR_PLLP) >>16) + 1 ) *2;
      |                                ^~~~~~~~~~~~~~~~
../Src/system_stm32f4xx.c:55:35: error: expected ')' before numeric constant
   55 |   #define HSI_VALUE    ((uint32_t)16000000) /*!< Value of the Internal oscillator in Hz*/
      |                        ~          ^~~~~~~~
../Src/system_stm32f4xx.c:258:25: note: in expansion of macro 'HSI_VALUE'
  258 |       SystemCoreClock = HSI_VALUE;
      |                         ^~~~~~~~~
../Src/system_stm32f4xx.c:263:37: error: 'RCC_CFGR_HPRE' undeclared (first use in this function)
  263 |   tmp = AHBPrescTable[((RCC->CFGR & RCC_CFGR_HPRE) >> 4)];
      |                                     ^~~~~~~~~~~~~
make: *** [Src/subdir.mk:28: Src/system_stm32f4xx.o] Error 1
make: *** Waiting for unfinished jobs....
"make -j20 all" terminated with exit code 2. Build might be incomplete.
15:02:24 **** Incremental Build of configuration Debug for project BARE ****
make -j20 all 
arm-none-eabi-gcc "../Src/main.c" -mcpu=cortex-m4 -std=gnu11 -g3 -DDEBUG -DSTM32F411VETx -DSTM32 -DSTM32F4 -DSTM32F411E_DISCO -c -I"D:/STM32F411VE/Projects/Learn/BARE/Inc" -I"D:/STM32F411VE/Projects/Learn/BARE/CMSIS/Device/ST/STM32F4xx/Include" -I"D:/STM32F411VE/Projects/Learn/BARE/CMSIS/Include" -O0 -ffunction-sections -fdata-sections -Wall -fstack-usage -fcyclomatic-complexity -MMD -MP -MF"Src/main.d" -MT"Src/main.o" --specs=nano.specs -mfpu=fpv4-sp-d16 -mfloat-abi=hard -mthumb -o "Src/main.o"
arm-none-eabi-gcc "../Src/system_stm32f4xx.c" -mcpu=cortex-m4 -std=gnu11 -g3 -DDEBUG -DSTM32F411VETx -DSTM32 -DSTM32F4 -DSTM32F411E_DISCO -c -I"D:/STM32F411VE/Projects/Learn/BARE/Inc" -I"D:/STM32F411VE/Projects/Learn/BARE/CMSIS/Device/ST/STM32F4xx/Include" -I"D:/STM32F411VE/Projects/Learn/BARE/CMSIS/Include" -O0 -ffunction-sections -fdata-sections -Wall -fstack-usage -fcyclomatic-complexity -MMD -MP -MF"Src/system_stm32f4xx.d" -MT"Src/system_stm32f4xx.o" --specs=nano.specs -mfpu=fpv4-sp-d16 -mfloat-abi=hard -mthumb -o "Src/system_stm32f4xx.o"
In file included from D:/STM32F411VE/Projects/Learn/BARE/Inc/main.h:1,
                 from ../Src/main.c:18:
D:/STM32F411VE/Projects/Learn/BARE/CMSIS/Device/ST/STM32F4xx/Include/stm32f4xx.h:174:2: error: #error "Please select first the target STM32F4xx device used in your application (in stm32f4xx.h file)"
  174 | #error "Please select first the target STM32F4xx device used in your application (in stm32f4xx.h file)"
      |  ^~~~~
In file included from ../Src/system_stm32f4xx.c:48:
D:/STM32F411VE/Projects/Learn/BARE/CMSIS/Device/ST/STM32F4xx/Include/stm32f4xx.h:174:2: error: #error "Please select first the target STM32F4xx device used in your application (in stm32f4xx.h file)"
  174 | #error "Please select first the target STM32F4xx device used in your application (in stm32f4xx.h file)"
      |  ^~~~~
../Src/system_stm32f4xx.c:137:1: error: unknown type name 'uint32_t'
  137 | uint32_t SystemCoreClock = 16000000;
      | ^~~~~~~~
../Src/system_stm32f4xx.c:49:1: note: 'uint32_t' is defined in header '<stdint.h>'; did you forget to '#include <stdint.h>'?
   48 | #include "stm32f4xx.h"
  +++ |+#include <stdint.h>
   49 | 
../Src/system_stm32f4xx.c:138:7: error: unknown type name 'uint8_t'
  138 | const uint8_t AHBPrescTable[16] = {0, 0, 0, 0, 0, 0, 0, 0, 1, 2, 3, 4, 6, 7, 8, 9};
      |       ^~~~~~~
../Src/system_stm32f4xx.c:139:7: error: unknown type name 'uint8_t'
  139 | const uint8_t APBPrescTable[8]  = {0, 0, 0, 0, 1, 2, 3, 4};
      |       ^~~~~~~
../Src/system_stm32f4xx.c: In function 'SystemCoreClockUpdate':
../Src/system_stm32f4xx.c:222:3: error: unknown type name 'uint32_t'
  222 |   uint32_t tmp = 0, pllvco = 0, pllp = 2, pllsource = 0, pllm = 2;
      |   ^~~~~~~~
../Src/system_stm32f4xx.c:222:3: note: 'uint32_t' is defined in header '<stdint.h>'; did you forget to '#include <stdint.h>'?
../Src/system_stm32f4xx.c:225:9: error: 'RCC' undeclared (first use in this function)
  225 |   tmp = RCC->CFGR & RCC_CFGR_SWS;
      |         ^~~
../Src/system_stm32f4xx.c:225:9: note: each undeclared identifier is reported only once for each function it appears in
make: *** [Src/subdir.mk:28: Src/main.o] Error 1
make: *** Waiting for unfinished jobs....
../Src/system_stm32f4xx.c:225:21: error: 'RCC_CFGR_SWS' undeclared (first use in this function)
  225 |   tmp = RCC->CFGR & RCC_CFGR_SWS;
      |                     ^~~~~~~~~~~~
../Src/system_stm32f4xx.c:55:26: error: 'uint32_t' undeclared (first use in this function)
   55 |   #define HSI_VALUE    ((uint32_t)16000000) /*!< Value of the Internal oscillator in Hz*/
      |                          ^~~~~~~~
../Src/system_stm32f4xx.c:230:25: note: in expansion of macro 'HSI_VALUE'
  230 |       SystemCoreClock = HSI_VALUE;
      |                         ^~~~~~~~~
../Src/system_stm32f4xx.c:55:26: note: 'uint32_t' is defined in header '<stdint.h>'; did you forget to '#include <stdint.h>'?
   55 |   #define HSI_VALUE    ((uint32_t)16000000) /*!< Value of the Internal oscillator in Hz*/
      |                          ^~~~~~~~
../Src/system_stm32f4xx.c:230:25: note: in expansion of macro 'HSI_VALUE'
  230 |       SystemCoreClock = HSI_VALUE;
      |                         ^~~~~~~~~
../Src/system_stm32f4xx.c:55:35: error: expected ')' before numeric constant
   55 |   #define HSI_VALUE    ((uint32_t)16000000) /*!< Value of the Internal oscillator in Hz*/
      |                        ~          ^~~~~~~~
../Src/system_stm32f4xx.c:230:25: note: in expansion of macro 'HSI_VALUE'
  230 |       SystemCoreClock = HSI_VALUE;
      |                         ^~~~~~~~~
../Src/system_stm32f4xx.c:51:35: error: expected ')' before numeric constant
   51 |   #define HSE_VALUE    ((uint32_t)25000000) /*!< Default value of the External oscillator in Hz */
      |                        ~          ^~~~~~~~
../Src/system_stm32f4xx.c:233:25: note: in expansion of macro 'HSE_VALUE'
  233 |       SystemCoreClock = HSE_VALUE;
      |                         ^~~~~~~~~
../Src/system_stm32f4xx.c:240:35: error: 'RCC_PLLCFGR_PLLSRC' undeclared (first use in this function)
  240 |       pllsource = (RCC->PLLCFGR & RCC_PLLCFGR_PLLSRC) >> 22;
      |                                   ^~~~~~~~~~~~~~~~~~
../Src/system_stm32f4xx.c:241:29: error: 'RCC_PLLCFGR_PLLM' undeclared (first use in this function)
  241 |       pllm = RCC->PLLCFGR & RCC_PLLCFGR_PLLM;
      |                             ^~~~~~~~~~~~~~~~
../Src/system_stm32f4xx.c:51:35: error: expected ')' before numeric constant
   51 |   #define HSE_VALUE    ((uint32_t)25000000) /*!< Default value of the External oscillator in Hz */
      |                        ~          ^~~~~~~~
../Src/system_stm32f4xx.c:246:19: note: in expansion of macro 'HSE_VALUE'
  246 |         pllvco = (HSE_VALUE / pllm) * ((RCC->PLLCFGR & RCC_PLLCFGR_PLLN) >> 6);
      |                   ^~~~~~~~~
../Src/system_stm32f4xx.c:246:56: error: 'RCC_PLLCFGR_PLLN' undeclared (first use in this function)
  246 |         pllvco = (HSE_VALUE / pllm) * ((RCC->PLLCFGR & RCC_PLLCFGR_PLLN) >> 6);
      |                                                        ^~~~~~~~~~~~~~~~
../Src/system_stm32f4xx.c:55:35: error: expected ')' before numeric constant
   55 |   #define HSI_VALUE    ((uint32_t)16000000) /*!< Value of the Internal oscillator in Hz*/
      |                        ~          ^~~~~~~~
../Src/system_stm32f4xx.c:251:19: note: in expansion of macro 'HSI_VALUE'
  251 |         pllvco = (HSI_VALUE / pllm) * ((RCC->PLLCFGR & RCC_PLLCFGR_PLLN) >> 6);
      |                   ^~~~~~~~~
../Src/system_stm32f4xx.c:254:32: error: 'RCC_PLLCFGR_PLLP' undeclared (first use in this function)
  254 |       pllp = (((RCC->PLLCFGR & RCC_PLLCFGR_PLLP) >>16) + 1 ) *2;
      |                                ^~~~~~~~~~~~~~~~
../Src/system_stm32f4xx.c:55:35: error: expected ')' before numeric constant
   55 |   #define HSI_VALUE    ((uint32_t)16000000) /*!< Value of the Internal oscillator in Hz*/
      |                        ~          ^~~~~~~~
../Src/system_stm32f4xx.c:258:25: note: in expansion of macro 'HSI_VALUE'
  258 |       SystemCoreClock = HSI_VALUE;
      |                         ^~~~~~~~~
../Src/system_stm32f4xx.c:263:37: error: 'RCC_CFGR_HPRE' undeclared (first use in this function)
  263 |   tmp = AHBPrescTable[((RCC->CFGR & RCC_CFGR_HPRE) >> 4)];
      |                                     ^~~~~~~~~~~~~
make: *** [Src/subdir.mk:28: Src/system_stm32f4xx.o] Error 1
"make -j20 all" terminated with exit code 2. Build might be incomplete.
15:02:28 **** Incremental Build of configuration Debug for project BARE ****
make -j20 all 
arm-none-eabi-gcc "../Src/main.c" -mcpu=cortex-m4 -std=gnu11 -g3 -DDEBUG -DSTM32F411VETx -DSTM32 -DSTM32F4 -DSTM32F411E_DISCO -c -I"D:/STM32F411VE/Projects/Learn/BARE/Inc" -I"D:/STM32F411VE/Projects/Learn/BARE/CMSIS/Device/ST/STM32F4xx/Include" -I"D:/STM32F411VE/Projects/Learn/BARE/CMSIS/Include" -O0 -ffunction-sections -fdata-sections -Wall -fstack-usage -fcyclomatic-complexity -MMD -MP -MF"Src/main.d" -MT"Src/main.o" --specs=nano.specs -mfpu=fpv4-sp-d16 -mfloat-abi=hard -mthumb -o "Src/main.o"
arm-none-eabi-gcc "../Src/system_stm32f4xx.c" -mcpu=cortex-m4 -std=gnu11 -g3 -DDEBUG -DSTM32F411VETx -DSTM32 -DSTM32F4 -DSTM32F411E_DISCO -c -I"D:/STM32F411VE/Projects/Learn/BARE/Inc" -I"D:/STM32F411VE/Projects/Learn/BARE/CMSIS/Device/ST/STM32F4xx/Include" -I"D:/STM32F411VE/Projects/Learn/BARE/CMSIS/Include" -O0 -ffunction-sections -fdata-sections -Wall -fstack-usage -fcyclomatic-complexity -MMD -MP -MF"Src/system_stm32f4xx.d" -MT"Src/system_stm32f4xx.o" --specs=nano.specs -mfpu=fpv4-sp-d16 -mfloat-abi=hard -mthumb -o "Src/system_stm32f4xx.o"
In file included from D:/STM32F411VE/Projects/Learn/BARE/Inc/main.h:1,
                 from ../Src/main.c:18:
D:/STM32F411VE/Projects/Learn/BARE/CMSIS/Device/ST/STM32F4xx/Include/stm32f4xx.h:174:2: error: #error "Please select first the target STM32F4xx device used in your application (in stm32f4xx.h file)"
  174 | #error "Please select first the target STM32F4xx device used in your application (in stm32f4xx.h file)"
      |  ^~~~~
In file included from ../Src/system_stm32f4xx.c:48:
D:/STM32F411VE/Projects/Learn/BARE/CMSIS/Device/ST/STM32F4xx/Include/stm32f4xx.h:174:2: error: #error "Please select first the target STM32F4xx device used in your application (in stm32f4xx.h file)"
  174 | #error "Please select first the target STM32F4xx device used in your application (in stm32f4xx.h file)"
      |  ^~~~~
../Src/system_stm32f4xx.c:137:1: error: unknown type name 'uint32_t'
  137 | uint32_t SystemCoreClock = 16000000;
      | ^~~~~~~~
../Src/system_stm32f4xx.c:49:1: note: 'uint32_t' is defined in header '<stdint.h>'; did you forget to '#include <stdint.h>'?
   48 | #include "stm32f4xx.h"
  +++ |+#include <stdint.h>
   49 | 
../Src/system_stm32f4xx.c:138:7: error: unknown type name 'uint8_t'
  138 | const uint8_t AHBPrescTable[16] = {0, 0, 0, 0, 0, 0, 0, 0, 1, 2, 3, 4, 6, 7, 8, 9};
      |       ^~~~~~~
../Src/system_stm32f4xx.c:139:7: error: unknown type name 'uint8_t'
  139 | const uint8_t APBPrescTable[8]  = {0, 0, 0, 0, 1, 2, 3, 4};
      |       ^~~~~~~
../Src/system_stm32f4xx.c: In function 'SystemCoreClockUpdate':
make: *** [Src/subdir.mk:28: Src/main.o] Error 1
../Src/system_stm32f4xx.c:222:3: error: unknown type name 'uint32_t'
  222 |   uint32_t tmp = 0, pllvco = 0, pllp = 2, pllsource = 0, pllm = 2;
      |   ^~~~~~~~
../Src/system_stm32f4xx.c:222:3: note: 'uint32_t' is defined in header '<stdint.h>'; did you forget to '#include <stdint.h>'?
make: *** Waiting for unfinished jobs....
../Src/system_stm32f4xx.c:225:9: error: 'RCC' undeclared (first use in this function)
  225 |   tmp = RCC->CFGR & RCC_CFGR_SWS;
      |         ^~~
../Src/system_stm32f4xx.c:225:9: note: each undeclared identifier is reported only once for each function it appears in
../Src/system_stm32f4xx.c:225:21: error: 'RCC_CFGR_SWS' undeclared (first use in this function)
  225 |   tmp = RCC->CFGR & RCC_CFGR_SWS;
      |                     ^~~~~~~~~~~~
../Src/system_stm32f4xx.c:55:26: error: 'uint32_t' undeclared (first use in this function)
   55 |   #define HSI_VALUE    ((uint32_t)16000000) /*!< Value of the Internal oscillator in Hz*/
      |                          ^~~~~~~~
../Src/system_stm32f4xx.c:230:25: note: in expansion of macro 'HSI_VALUE'
  230 |       SystemCoreClock = HSI_VALUE;
      |                         ^~~~~~~~~
../Src/system_stm32f4xx.c:55:26: note: 'uint32_t' is defined in header '<stdint.h>'; did you forget to '#include <stdint.h>'?
   55 |   #define HSI_VALUE    ((uint32_t)16000000) /*!< Value of the Internal oscillator in Hz*/
      |                          ^~~~~~~~
../Src/system_stm32f4xx.c:230:25: note: in expansion of macro 'HSI_VALUE'
  230 |       SystemCoreClock = HSI_VALUE;
      |                         ^~~~~~~~~
../Src/system_stm32f4xx.c:55:35: error: expected ')' before numeric constant
   55 |   #define HSI_VALUE    ((uint32_t)16000000) /*!< Value of the Internal oscillator in Hz*/
      |                        ~          ^~~~~~~~
../Src/system_stm32f4xx.c:230:25: note: in expansion of macro 'HSI_VALUE'
  230 |       SystemCoreClock = HSI_VALUE;
      |                         ^~~~~~~~~
../Src/system_stm32f4xx.c:51:35: error: expected ')' before numeric constant
   51 |   #define HSE_VALUE    ((uint32_t)25000000) /*!< Default value of the External oscillator in Hz */
      |                        ~          ^~~~~~~~
../Src/system_stm32f4xx.c:233:25: note: in expansion of macro 'HSE_VALUE'
  233 |       SystemCoreClock = HSE_VALUE;
      |                         ^~~~~~~~~
../Src/system_stm32f4xx.c:240:35: error: 'RCC_PLLCFGR_PLLSRC' undeclared (first use in this function)
  240 |       pllsource = (RCC->PLLCFGR & RCC_PLLCFGR_PLLSRC) >> 22;
      |                                   ^~~~~~~~~~~~~~~~~~
../Src/system_stm32f4xx.c:241:29: error: 'RCC_PLLCFGR_PLLM' undeclared (first use in this function)
  241 |       pllm = RCC->PLLCFGR & RCC_PLLCFGR_PLLM;
      |                             ^~~~~~~~~~~~~~~~
../Src/system_stm32f4xx.c:51:35: error: expected ')' before numeric constant
   51 |   #define HSE_VALUE    ((uint32_t)25000000) /*!< Default value of the External oscillator in Hz */
      |                        ~          ^~~~~~~~
../Src/system_stm32f4xx.c:246:19: note: in expansion of macro 'HSE_VALUE'
  246 |         pllvco = (HSE_VALUE / pllm) * ((RCC->PLLCFGR & RCC_PLLCFGR_PLLN) >> 6);
      |                   ^~~~~~~~~
../Src/system_stm32f4xx.c:246:56: error: 'RCC_PLLCFGR_PLLN' undeclared (first use in this function)
  246 |         pllvco = (HSE_VALUE / pllm) * ((RCC->PLLCFGR & RCC_PLLCFGR_PLLN) >> 6);
      |                                                        ^~~~~~~~~~~~~~~~
../Src/system_stm32f4xx.c:55:35: error: expected ')' before numeric constant
   55 |   #define HSI_VALUE    ((uint32_t)16000000) /*!< Value of the Internal oscillator in Hz*/
      |                        ~          ^~~~~~~~
../Src/system_stm32f4xx.c:251:19: note: in expansion of macro 'HSI_VALUE'
  251 |         pllvco = (HSI_VALUE / pllm) * ((RCC->PLLCFGR & RCC_PLLCFGR_PLLN) >> 6);
      |                   ^~~~~~~~~
../Src/system_stm32f4xx.c:254:32: error: 'RCC_PLLCFGR_PLLP' undeclared (first use in this function)
  254 |       pllp = (((RCC->PLLCFGR & RCC_PLLCFGR_PLLP) >>16) + 1 ) *2;
      |                                ^~~~~~~~~~~~~~~~
../Src/system_stm32f4xx.c:55:35: error: expected ')' before numeric constant
   55 |   #define HSI_VALUE    ((uint32_t)16000000) /*!< Value of the Internal oscillator in Hz*/
      |                        ~          ^~~~~~~~
../Src/system_stm32f4xx.c:258:25: note: in expansion of macro 'HSI_VALUE'
  258 |       SystemCoreClock = HSI_VALUE;
      |                         ^~~~~~~~~
../Src/system_stm32f4xx.c:263:37: error: 'RCC_CFGR_HPRE' undeclared (first use in this function)
  263 |   tmp = AHBPrescTable[((RCC->CFGR & RCC_CFGR_HPRE) >> 4)];
      |                                     ^~~~~~~~~~~~~
make: *** [Src/subdir.mk:28: Src/system_stm32f4xx.o] Error 1
"make -j20 all" terminated with exit code 2. Build might be incomplete.
15:02:28 **** Incremental Build of configuration Debug for project HAL ****
make -j20 all 
arm-none-eabi-size  HAL.elf 
   text	   data	    bss	    dec	    hex	filename
  35556	    132	   4196	  39884	   9bcc	HAL.elf
Finished building: default.size.stdout
 
15:02:31 **** Incremental Build of configuration Debug for project BARE ****
make -j20 all 
arm-none-eabi-gcc "../Src/main.c" -mcpu=cortex-m4 -std=gnu11 -g3 -DDEBUG -DSTM32F411VETx -DSTM32 -DSTM32F4 -DSTM32F411E_DISCO -c -I"D:/STM32F411VE/Projects/Learn/BARE/Inc" -I"D:/STM32F411VE/Projects/Learn/BARE/CMSIS/Device/ST/STM32F4xx/Include" -I"D:/STM32F411VE/Projects/Learn/BARE/CMSIS/Include" -O0 -ffunction-sections -fdata-sections -Wall -fstack-usage -fcyclomatic-complexity -MMD -MP -MF"Src/main.d" -MT"Src/main.o" --specs=nano.specs -mfpu=fpv4-sp-d16 -mfloat-abi=hard -mthumb -o "Src/main.o"
arm-none-eabi-gcc "../Src/system_stm32f4xx.c" -mcpu=cortex-m4 -std=gnu11 -g3 -DDEBUG -DSTM32F411VETx -DSTM32 -DSTM32F4 -DSTM32F411E_DISCO -c -I"D:/STM32F411VE/Projects/Learn/BARE/Inc" -I"D:/STM32F411VE/Projects/Learn/BARE/CMSIS/Device/ST/STM32F4xx/Include" -I"D:/STM32F411VE/Projects/Learn/BARE/CMSIS/Include" -O0 -ffunction-sections -fdata-sections -Wall -fstack-usage -fcyclomatic-complexity -MMD -MP -MF"Src/system_stm32f4xx.d" -MT"Src/system_stm32f4xx.o" --specs=nano.specs -mfpu=fpv4-sp-d16 -mfloat-abi=hard -mthumb -o "Src/system_stm32f4xx.o"
In file included from D:/STM32F411VE/Projects/Learn/BARE/Inc/main.h:1,
                 from ../Src/main.c:18:
D:/STM32F411VE/Projects/Learn/BARE/CMSIS/Device/ST/STM32F4xx/Include/stm32f4xx.h:174:2: error: #error "Please select first the target STM32F4xx device used in your application (in stm32f4xx.h file)"
  174 | #error "Please select first the target STM32F4xx device used in your application (in stm32f4xx.h file)"
      |  ^~~~~
In file included from ../Src/system_stm32f4xx.c:48:
D:/STM32F411VE/Projects/Learn/BARE/CMSIS/Device/ST/STM32F4xx/Include/stm32f4xx.h:174:2: error: #error "Please select first the target STM32F4xx device used in your application (in stm32f4xx.h file)"
  174 | #error "Please select first the target STM32F4xx device used in your application (in stm32f4xx.h file)"
      |  ^~~~~
../Src/system_stm32f4xx.c:137:1: error: unknown type name 'uint32_t'
  137 | uint32_t SystemCoreClock = 16000000;
      | ^~~~~~~~
../Src/system_stm32f4xx.c:49:1: note: 'uint32_t' is defined in header '<stdint.h>'; did you forget to '#include <stdint.h>'?
   48 | #include "stm32f4xx.h"
  +++ |+#include <stdint.h>
   49 | 
../Src/system_stm32f4xx.c:138:7: error: unknown type name 'uint8_t'
  138 | const uint8_t AHBPrescTable[16] = {0, 0, 0, 0, 0, 0, 0, 0, 1, 2, 3, 4, 6, 7, 8, 9};
      |       ^~~~~~~
../Src/system_stm32f4xx.c:139:7: error: unknown type name 'uint8_t'
  139 | const uint8_t APBPrescTable[8]  = {0, 0, 0, 0, 1, 2, 3, 4};
      |       ^~~~~~~
../Src/system_stm32f4xx.c: In function 'SystemCoreClockUpdate':
../Src/system_stm32f4xx.c:222:3: error: unknown type name 'uint32_t'
  222 |   uint32_t tmp = 0, pllvco = 0, pllp = 2, pllsource = 0, pllm = 2;
      |   ^~~~~~~~
../Src/system_stm32f4xx.c:222:3: note: 'uint32_t' is defined in header '<stdint.h>'; did you forget to '#include <stdint.h>'?
../Src/system_stm32f4xx.c:225:9: error: 'RCC' undeclared (first use in this function)
  225 |   tmp = RCC->CFGR & RCC_CFGR_SWS;
      |         ^~~
../Src/system_stm32f4xx.c:225:9: note: each undeclared identifier is reported only once for each function it appears in
../Src/system_stm32f4xx.c:225:21: error: 'RCC_CFGR_SWS' undeclared (first use in this function)
  225 |   tmp = RCC->CFGR & RCC_CFGR_SWS;
      |                     ^~~~~~~~~~~~
../Src/system_stm32f4xx.c:55:26: error: 'uint32_t' undeclared (first use in this function)
   55 |   #define HSI_VALUE    ((uint32_t)16000000) /*!< Value of the Internal oscillator in Hz*/
      |                          ^~~~~~~~
../Src/system_stm32f4xx.c:230:25: note: in expansion of macro 'HSI_VALUE'
  230 |       SystemCoreClock = HSI_VALUE;
      |                         ^~~~~~~~~
../Src/system_stm32f4xx.c:55:26: note: 'uint32_t' is defined in header '<stdint.h>'; did you forget to '#include <stdint.h>'?
   55 |   #define HSI_VALUE    ((uint32_t)16000000) /*!< Value of the Internal oscillator in Hz*/
      |                          ^~~~~~~~
../Src/system_stm32f4xx.c:230:25: note: in expansion of macro 'HSI_VALUE'
  230 |       SystemCoreClock = HSI_VALUE;
      |                         ^~~~~~~~~
../Src/system_stm32f4xx.c:55:35: error: expected ')' before numeric constant
   55 |   #define HSI_VALUE    ((uint32_t)16000000) /*!< Value of the Internal oscillator in Hz*/
      |                        ~          ^~~~~~~~
../Src/system_stm32f4xx.c:230:25: note: in expansion of macro 'HSI_VALUE'
  230 |       SystemCoreClock = HSI_VALUE;
      |                         ^~~~~~~~~
../Src/system_stm32f4xx.c:51:35: error: expected ')' before numeric constant
   51 |   #define HSE_VALUE    ((uint32_t)25000000) /*!< Default value of the External oscillator in Hz */
      |                        ~          ^~~~~~~~
../Src/system_stm32f4xx.c:233:25: note: in expansion of macro 'HSE_VALUE'
  233 |       SystemCoreClock = HSE_VALUE;
      |                         ^~~~~~~~~
../Src/system_stm32f4xx.c:240:35: error: 'RCC_PLLCFGR_PLLSRC' undeclared (first use in this function)
  240 |       pllsource = (RCC->PLLCFGR & RCC_PLLCFGR_PLLSRC) >> 22;
      |                                   ^~~~~~~~~~~~~~~~~~
../Src/system_stm32f4xx.c:241:29: error: 'RCC_PLLCFGR_PLLM' undeclared (first use in this function)
  241 |       pllm = RCC->PLLCFGR & RCC_PLLCFGR_PLLM;
      |                             ^~~~~~~~~~~~~~~~
../Src/system_stm32f4xx.c:51:35: error: expected ')' before numeric constant
   51 |   #define HSE_VALUE    ((uint32_t)25000000) /*!< Default value of the External oscillator in Hz */
      |                        ~          ^~~~~~~~
../Src/system_stm32f4xx.c:246:19: note: in expansion of macro 'HSE_VALUE'
  246 |         pllvco = (HSE_VALUE / pllm) * ((RCC->PLLCFGR & RCC_PLLCFGR_PLLN) >> 6);
      |                   ^~~~~~~~~
make: *** [Src/subdir.mk:28: Src/main.o] Error 1
make: *** Waiting for unfinished jobs....
../Src/system_stm32f4xx.c:246:56: error: 'RCC_PLLCFGR_PLLN' undeclared (first use in this function)
  246 |         pllvco = (HSE_VALUE / pllm) * ((RCC->PLLCFGR & RCC_PLLCFGR_PLLN) >> 6);
      |                                                        ^~~~~~~~~~~~~~~~
../Src/system_stm32f4xx.c:55:35: error: expected ')' before numeric constant
   55 |   #define HSI_VALUE    ((uint32_t)16000000) /*!< Value of the Internal oscillator in Hz*/
      |                        ~          ^~~~~~~~
../Src/system_stm32f4xx.c:251:19: note: in expansion of macro 'HSI_VALUE'
  251 |         pllvco = (HSI_VALUE / pllm) * ((RCC->PLLCFGR & RCC_PLLCFGR_PLLN) >> 6);
      |                   ^~~~~~~~~
../Src/system_stm32f4xx.c:254:32: error: 'RCC_PLLCFGR_PLLP' undeclared (first use in this function)
  254 |       pllp = (((RCC->PLLCFGR & RCC_PLLCFGR_PLLP) >>16) + 1 ) *2;
      |                                ^~~~~~~~~~~~~~~~
../Src/system_stm32f4xx.c:55:35: error: expected ')' before numeric constant
   55 |   #define HSI_VALUE    ((uint32_t)16000000) /*!< Value of the Internal oscillator in Hz*/
      |                        ~          ^~~~~~~~
../Src/system_stm32f4xx.c:258:25: note: in expansion of macro 'HSI_VALUE'
  258 |       SystemCoreClock = HSI_VALUE;
      |                         ^~~~~~~~~
../Src/system_stm32f4xx.c:263:37: error: 'RCC_CFGR_HPRE' undeclared (first use in this function)
  263 |   tmp = AHBPrescTable[((RCC->CFGR & RCC_CFGR_HPRE) >> 4)];
      |                                     ^~~~~~~~~~~~~
make: *** [Src/subdir.mk:28: Src/system_stm32f4xx.o] Error 1
"make -j20 all" terminated with exit code 2. Build might be incomplete.
15:03:09 **** Incremental Build of configuration Debug for project BARE ****
make -j20 all 
arm-none-eabi-gcc "../Src/main.c" -mcpu=cortex-m4 -std=gnu11 -g3 -DDEBUG -DSTM32F411VETx -DSTM32 -DSTM32F4 -DSTM32F411E_DISCO -c -I"D:/STM32F411VE/Projects/Learn/BARE/Inc" -I"D:/STM32F411VE/Projects/Learn/BARE/CMSIS/Device/ST/STM32F4xx/Include" -I"D:/STM32F411VE/Projects/Learn/BARE/CMSIS/Include" -O0 -ffunction-sections -fdata-sections -Wall -fstack-usage -fcyclomatic-complexity -MMD -MP -MF"Src/main.d" -MT"Src/main.o" --specs=nano.specs -mfpu=fpv4-sp-d16 -mfloat-abi=hard -mthumb -o "Src/main.o"
arm-none-eabi-gcc "../Src/system_stm32f4xx.c" -mcpu=cortex-m4 -std=gnu11 -g3 -DDEBUG -DSTM32F411VETx -DSTM32 -DSTM32F4 -DSTM32F411E_DISCO -c -I"D:/STM32F411VE/Projects/Learn/BARE/Inc" -I"D:/STM32F411VE/Projects/Learn/BARE/CMSIS/Device/ST/STM32F4xx/Include" -I"D:/STM32F411VE/Projects/Learn/BARE/CMSIS/Include" -O0 -ffunction-sections -fdata-sections -Wall -fstack-usage -fcyclomatic-complexity -MMD -MP -MF"Src/system_stm32f4xx.d" -MT"Src/system_stm32f4xx.o" --specs=nano.specs -mfpu=fpv4-sp-d16 -mfloat-abi=hard -mthumb -o "Src/system_stm32f4xx.o"
arm-none-eabi-gcc -o "BARE.elf" @"objects.list"   -mcpu=cortex-m4 -T"D:\STM32F411VE\Projects\Learn\BARE\STM32F411VETX_FLASH.ld" --specs=nosys.specs -Wl,-Map="BARE.map" -Wl,--gc-sections -static --specs=nano.specs -mfpu=fpv4-sp-d16 -mfloat-abi=hard -mthumb -Wl,--start-group -lc -lm -Wl,--end-group
Finished building target: BARE.elf
 
arm-none-eabi-size  BARE.elf 
arm-none-eabi-objdump -h -S BARE.elf  > "BARE.list"
   text	   data	    bss	    dec	    hex	filename
    696	      8	   1568	   2272	    8e0	BARE.elf
Finished building: default.size.stdout
 
Finished building: BARE.list
 
